program
  module math
  const_decl export: <inferred>
    value:
      7
  export const_decl answer: <inferred>
    value:
      42
  export var_decl counter: i32
    init:
      0
  export var_decl_group
    export var_decl left: i32
      init:
        1
    export var_decl right: i32
      init:
        1
  export struct Pair
    struct_field_decl x: i32
    struct_field_decl y: i32
  export enum_decl Mode
    Backing type
      u8
    Members
      EnumMember Zero
      EnumMember One
  export func add -> i32
    params:
      param_decl a: i32
      param_decl b: i32
    body:
      block
        return
          (+)
            a
            b
