program
  module math
  const_decl export: <inferred>
    value:
      7
  export const_decl answer: <inferred>
    value:
      42
  export var_decl counter: s32
    init:
      0
  export var_decl_group
    export var_decl left: s32
      init:
        1
    export var_decl right: s32
      init:
        1
  export struct Pair
    struct_field_decl x: s32
    struct_field_decl y: s32
  export enum_decl Mode
    Backing type
      u8
    Members
      EnumMember Zero
      EnumMember One
  export func add -> s32
    params:
      param_decl a: s32
      param_decl b: s32
    body:
      block
        return
          (+)
            a
            b
