tests/test_assets/semantic/invalid/casts/constant_range_and_huge_float.cog:1:16: error: integer cast value does not fit in target type
S8_TOO_HIGH :: cast(s8, 128);
               ^~~~~~~~~~~~
tests/test_assets/semantic/invalid/casts/constant_range_and_huge_float.cog:2:15: error: integer cast value does not fit in target type
S8_TOO_LOW :: cast(s8, -129);
              ^~~~~~~~~~~~~
tests/test_assets/semantic/invalid/casts/constant_range_and_huge_float.cog:3:16: error: integer cast value does not fit in target type
U8_NEGATIVE :: cast(u8, -1);
               ^~~~~~~~~~~
tests/test_assets/semantic/invalid/casts/constant_range_and_huge_float.cog:4:22: error: integer cast value does not fit in target type
HUGE_FLOAT_TO_S64 :: cast(s64, 18446744073709551615.0);
                     ^~~~~~~~~~~~~~~~~~~~~~~~~~~~~~~~
tests/test_assets/semantic/invalid/casts/constant_range_and_huge_float.cog:5:22: error: float cast value does not fit in target type
F32_CAST_OVERFLOW :: cast(f32, 340282366920938463463374607431768211456.0);
                     ^~~~~~~~~~~~~~~~~~~~~~~~~~~~~~~~~~~~~~~~~~~~~~~~~~~
5 semantic errors generated.
