tests/test_assets/semantic/invalid/casts/integer_range.cog:1:1: error: integer cast value does not fit in target type
cast(u8, 256);
^~~~~~~~~~~~
tests/test_assets/semantic/invalid/casts/integer_range.cog:2:1: error: integer cast value does not fit in target type
cast(u8, -1);
^~~~~~~~~~~
tests/test_assets/semantic/invalid/casts/integer_range.cog:3:1: error: integer cast value does not fit in target type
cast(i8, 128);
^~~~~~~~~~~~
tests/test_assets/semantic/invalid/casts/integer_range.cog:4:1: error: integer cast value does not fit in target type
cast(i8, -129);
^~~~~~~~~~~~~
4 semantic errors generated.
