semantic error at line 22: address-of operand is not assignable
semantic error at line 23: address-of operand is not assignable
semantic error at line 24: address-of operand is not assignable
semantic error at line 25: address-of operand is not assignable
semantic error at line 26: address-of operand is not assignable
semantic error at line 27: address-of operand is not assignable
6 semantic errors generated.
