tests/test_assets/semantic/invalid/pointers/address_of_non_lvalues.cog:22:15: error: address-of operand is not assignable
    a: s32* = &VALUE;
              ^~~~~~
tests/test_assets/semantic/invalid/pointers/address_of_non_lvalues.cog:23:17: error: address-of operand is not assignable
    b: Color* = &Color.Red;
                ^~~~~~~~~~
tests/test_assets/semantic/invalid/pointers/address_of_non_lvalues.cog:24:15: error: address-of operand is not assignable
    c: s32* = &1;
              ^~
tests/test_assets/semantic/invalid/pointers/address_of_non_lvalues.cog:25:15: error: address-of operand is not assignable
    d: s32* = &(1 + 2);
              ^~~~~~~
tests/test_assets/semantic/invalid/pointers/address_of_non_lvalues.cog:26:15: error: address-of operand is not assignable
    e: s32* = &make_value();
              ^~~~~~~~~~~
tests/test_assets/semantic/invalid/pointers/address_of_non_lvalues.cog:27:15: error: address-of operand is not assignable
    f: s32* = &make_point().x;
              ^~~~~~~~~~~~~~~
6 semantic errors generated.
