tests/test_assets/semantic/invalid/pointers/invalid_null_pointer_casts.cog:2:21: error: invalid explicit cast
    pointer: s32* = cast(s32*, 0);
                    ^~~~~~~~~~~~
tests/test_assets/semantic/invalid/pointers/invalid_null_pointer_casts.cog:3:20: error: invalid explicit cast
    integer: s32 = cast(s32, null);
                   ^~~~~~~~~~~~~~
tests/test_assets/semantic/invalid/pointers/invalid_null_pointer_casts.cog:4:21: error: invalid explicit cast
    boolean: bool = cast(bool, null);
                    ^~~~~~~~~~~~~~~
tests/test_assets/semantic/invalid/pointers/invalid_null_pointer_casts.cog:5:21: error: invalid explicit cast
    floating: f64 = cast(f64, null);
                    ^~~~~~~~~~~~~~
4 semantic errors generated.
