tests/test_assets/semantic/invalid/pointers/opaque_pointer_restrictions.cog:7:31: error: initializer type does not match declared type
    direct_erasure: opaque* = p;
                              ^
tests/test_assets/semantic/invalid/pointers/opaque_pointer_restrictions.cog:8:29: error: initializer type does not match declared type
    direct_recovery: i32* = h;
                            ^
tests/test_assets/semantic/invalid/pointers/opaque_pointer_restrictions.cog:10:5: error: comparison type mismatch
    p == h;
    ^~~~~~
tests/test_assets/semantic/invalid/pointers/opaque_pointer_restrictions.cog:12:5: error: cannot dereference an opaque pointer
    *h;
    ^~
tests/test_assets/semantic/invalid/pointers/opaque_pointer_restrictions.cog:13:5: error: cannot index an opaque pointer
    h[0];
    ^~~
tests/test_assets/semantic/invalid/pointers/opaque_pointer_restrictions.cog:15:5: error: reinterpret cannot discard readonly pointer access
    reinterpret(opaque*, rp);
    ^~~~~~~~~~~~~~~~~~~~~~~
tests/test_assets/semantic/invalid/pointers/opaque_pointer_restrictions.cog:16:5: error: reinterpret cannot discard readonly pointer access
    reinterpret(i32*, rh);
    ^~~~~~~~~~~~~~~~~~~~
tests/test_assets/semantic/invalid/pointers/opaque_pointer_restrictions.cog:18:5: error: reinterpret must cross between typed and opaque raw pointers
    reinterpret(u8*, p);
    ^~~~~~~~~~~~~~~~~~
tests/test_assets/semantic/invalid/pointers/opaque_pointer_restrictions.cog:19:5: error: reinterpret must cross between typed and opaque raw pointers
    reinterpret(readonly opaque*, rh);
    ^~~~~~~~~~~~~~~~~~~~~~~~~~~~~~~~
tests/test_assets/semantic/invalid/pointers/opaque_pointer_restrictions.cog:20:5: error: reinterpret must cross between typed and opaque raw pointers
    reinterpret(readonly i32*, rp);
    ^~~~~~~~~~~~~~~~~~~~~~~~~~~~~
10 semantic errors generated.
