module target(pointer=64)
type %t0 "Mode" = enum(u8) {Zero=0x0, One=0x1}
global @g0 "global_counter" : i32 = @c2(zeroinit)
global @g1 "global_flag" : bool = @c3(zeroinit)
func @f0 "classify"(%0: i32, %1: bool) -> i32 [abi=coglet, linkage=internal] {
  slots:
    $s0 : i32 "x"
    $s1 : bool "flag"
    $s2 : i32 "acc"
  bb0 "entry"():
    %2 = local_addr $s0
    store %2, %0
    %3 = local_addr $s1
    store %3, %1
    %4 = local_addr $s2
    %5 = const i32 @c4(0x0)
    store %4, %5
    %6 = local_addr $s1
    %7 = load %6
    %9 = const bool @c5(false)
    cond_br %7, bb1(), bb2(%9)
  bb1 "logic.and.rhs"():
    %10 = local_addr $s0
    %11 = load %10
    %12 = const i32 @c4(0x0)
    %13 = icmp.sgt %11, %12
    br bb2(%13)
  bb2 "logic.and.join"(%8: bool):
    cond_br %8, bb3(), bb5()
  bb3 "if.then"():
    %14 = local_addr $s2
    %15 = const i32 @c6(0x1)
    store %14, %15
    br bb4()
  bb4 "if.end"():
    br bb6()
  bb5 "if.else"():
    %16 = local_addr $s2
    %17 = const i32 @c7(0x2)
    store %16, %17
    br bb4()
  bb6 "while.cond"():
    %18 = local_addr $s2
    %19 = load %18
    %20 = const i32 @c8(0x4)
    %21 = icmp.slt %19, %20
    cond_br %21, bb7(), bb8()
  bb7 "while.body"():
    %22 = local_addr $s2
    %23 = load %22
    %24 = const i32 @c6(0x1)
    %25 = iadd.checked %23, %24
    store %22, %25
    %26 = local_addr $s2
    %27 = load %26
    %28 = const i32 @c9(0x3)
    %29 = icmp.eq %27, %28
    cond_br %29, bb9(), bb10()
  bb8 "while.end"():
    br bb13()
  bb9 "if.then"():
    br bb6()
  bb10 "if.end"():
    %30 = local_addr $s2
    %31 = load %30
    %32 = const i32 @c8(0x4)
    %33 = icmp.eq %31, %32
    cond_br %33, bb11(), bb12()
  bb11 "if.then"():
    br bb8()
  bb12 "if.end"():
    br bb6()
  bb13 "for.cond"():
    %34 = local_addr $s2
    %35 = load %34
    %36 = const i32 @c10(0x6)
    %37 = icmp.slt %35, %36
    cond_br %37, bb14(), bb16()
  bb14 "for.body"():
    %38 = local_addr $s2
    %39 = load %38
    %40 = const i32 @c6(0x1)
    %41 = iadd.checked %39, %40
    store %38, %41
    br bb15()
  bb15 "for.post"():
    %42 = local_addr $s2
    %43 = load %42
    %44 = const i32 @c6(0x1)
    %45 = iadd.checked %43, %44
    store %42, %45
    br bb13()
  bb16 "for.end"():
    %46 = local_addr $s2
    %47 = load %46
    switch %47, @c10 -> bb18(), default -> bb19()
  bb17 "switch.end"():
    unreachable
  bb18 "switch.case"():
    %48 = const i32 @c11(0x3c)
    ret %48
  bb19 "switch.default"():
    %49 = local_addr $s2
    %50 = load %49
    ret %50
}
func @f1 "accept_bool"(%0: bool) -> bool [abi=coglet, linkage=internal] {
  slots:
    $s0 : bool "x"
  bb0 "entry"():
    %1 = local_addr $s0
    store %1, %0
    %2 = local_addr $s0
    %3 = load %2
    ret %3
}
func @f2 "cfg_values"(%0: bool, %1: bool, %2: bool) -> bool [abi=coglet, linkage=internal] {
  slots:
    $s0 : bool "a"
    $s1 : bool "b"
    $s2 : bool "c"
    $s3 : bool "x"
    $s4 : bool ".cfg.tmp"
  bb0 "entry"():
    %3 = local_addr $s0
    store %3, %0
    %4 = local_addr $s1
    store %4, %1
    %5 = local_addr $s2
    store %5, %2
    %6 = local_addr $s0
    %7 = load %6
    %9 = const bool @c5(false)
    cond_br %7, bb1(), bb2(%9)
  bb1 "logic.and.rhs"():
    %10 = local_addr $s1
    %11 = load %10
    br bb2(%11)
  bb2 "logic.and.join"(%8: bool):
    %12 = local_addr $s3
    store %12, %8
    %13 = local_addr $s0
    %14 = load %13
    %16 = const bool @c12(true)
    cond_br %14, bb4(%16), bb3()
  bb3 "logic.or.rhs"():
    %17 = local_addr $s2
    %18 = load %17
    br bb4(%18)
  bb4 "logic.or.join"(%15: bool):
    %19 = local_addr $s3
    store %19, %15
    %20 = local_addr $s3
    %21 = load %20
    %22 = local_addr $s4
    store %22, %21
    %23 = local_addr $s1
    %24 = load %23
    %26 = const bool @c5(false)
    cond_br %24, bb5(), bb6(%26)
  bb5 "logic.and.rhs"():
    %27 = local_addr $s2
    %28 = load %27
    br bb6(%28)
  bb6 "logic.and.join"(%25: bool):
    %29 = local_addr $s4
    %30 = load %29
    %31 = icmp.eq %30, %25
    ret %31
}
func @f3 "cfg_call"(%0: bool, %1: bool, %2: bool) -> bool [abi=coglet, linkage=internal] {
  slots:
    $s0 : bool "a"
    $s1 : bool "b"
    $s2 : bool "c"
    $s3 : fn(bool) -> bool ".cfg.tmp"
    $s4 : bool ".cfg.tmp"
    $s5 : bool ".cfg.tmp"
    $s6 : fn(bool) -> bool ".cfg.tmp"
    $s7 : bool ".cfg.tmp"
  bb0 "entry"():
    %3 = local_addr $s0
    store %3, %0
    %4 = local_addr $s1
    store %4, %1
    %5 = local_addr $s2
    store %5, %2
    %6 = function_ref @f1
    %7 = local_addr $s3
    store %7, %6
    %8 = local_addr $s0
    %9 = load %8
    %11 = const bool @c5(false)
    cond_br %9, bb1(), bb2(%11)
  bb1 "logic.and.rhs"():
    %12 = local_addr $s1
    %13 = load %12
    br bb2(%13)
  bb2 "logic.and.join"(%10: bool):
    %14 = local_addr $s4
    store %14, %10
    %15 = local_addr $s3
    %16 = load %15
    %17 = local_addr $s4
    %18 = load %17
    %19 = call %16(%18)
    %20 = local_addr $s5
    store %20, %19
    %21 = function_ref @f1
    %22 = local_addr $s6
    store %22, %21
    %23 = local_addr $s2
    %24 = load %23
    %26 = const bool @c12(true)
    cond_br %24, bb4(%26), bb3()
  bb3 "logic.or.rhs"():
    %27 = local_addr $s0
    %28 = load %27
    br bb4(%28)
  bb4 "logic.or.join"(%25: bool):
    %29 = local_addr $s7
    store %29, %25
    %30 = local_addr $s6
    %31 = load %30
    %32 = local_addr $s7
    %33 = load %32
    %34 = call %31(%33)
    %35 = local_addr $s5
    %36 = load %35
    %37 = icmp.eq %36, %34
    ret %37
}
func @f4 "float_less"(%0: f64, %1: f64) -> bool [abi=coglet, linkage=internal] {
  slots:
    $s0 : f64 "a"
    $s1 : f64 "b"
  bb0 "entry"():
    %2 = local_addr $s0
    store %2, %0
    %3 = local_addr $s1
    store %3, %1
    %4 = local_addr $s0
    %5 = load %4
    %6 = local_addr $s1
    %7 = load %6
    %8 = fcmp.lt %5, %7
    ret %8
}
func @f5 "unsigned_less"(%0: u32, %1: u32) -> bool [abi=coglet, linkage=internal] {
  slots:
    $s0 : u32 "a"
    $s1 : u32 "b"
  bb0 "entry"():
    %2 = local_addr $s0
    store %2, %0
    %3 = local_addr $s1
    store %3, %1
    %4 = local_addr $s0
    %5 = load %4
    %6 = local_addr $s1
    %7 = load %6
    %8 = icmp.ult %5, %7
    ret %8
}
func @f6 "ptr_qual_equal"(%0: ptr<i32>, %1: readonly ptr<i32>) -> bool [abi=coglet, linkage=internal] {
  slots:
    $s0 : ptr<i32> "a"
    $s1 : readonly ptr<i32> "b"
  bb0 "entry"():
    %2 = local_addr $s0
    store %2, %0
    %3 = local_addr $s1
    store %3, %1
    %4 = local_addr $s0
    %5 = load %4
    %6 = local_addr $s1
    %7 = load %6
    %8 = ptr.qualify %5 to readonly ptr<i32>
    %9 = ptr.eq %8, %7
    ret %9
}
func @f7 "callback_missing"(%0: fn(i32) -> i32) -> bool [abi=coglet, linkage=internal] {
  slots:
    $s0 : fn(i32) -> i32 "cb"
  bb0 "entry"():
    %1 = local_addr $s0
    store %1, %0
    %2 = local_addr $s0
    %3 = load %2
    %4 = const fn(i32) -> i32 @c13(null)
    %5 = ptr.eq %3, %4
    ret %5
}
func @f8 "bool_switch"(%0: bool) -> i32 [abi=coglet, linkage=internal] {
  slots:
    $s0 : bool "b"
  bb0 "entry"():
    %1 = local_addr $s0
    store %1, %0
    %2 = local_addr $s0
    %3 = load %2
    switch %3, @c12 -> bb2(), @c5 -> bb3(), default -> bb4()
  bb1 "switch.end"():
    unreachable
  bb2 "switch.case"():
    %4 = const i32 @c6(0x1)
    ret %4
  bb3 "switch.case"():
    %5 = const i32 @c4(0x0)
    ret %5
  bb4 "switch.unmatched"():
    unreachable
}
func @f9 "mode_switch"(%0: %t0) -> i32 [abi=coglet, linkage=internal] {
  slots:
    $s0 : %t0 "m"
  bb0 "entry"():
    %1 = local_addr $s0
    store %1, %0
    %2 = local_addr $s0
    %3 = load %2
    switch %3, @c0 -> bb2(), @c1 -> bb3(), default -> bb4()
  bb1 "switch.end"():
    unreachable
  bb2 "switch.case"():
    %4 = const i32 @c14(0xa)
    ret %4
  bb3 "switch.case"():
    %5 = const i32 @c15(0xb)
    ret %5
  bb4 "switch.unmatched"():
    unreachable
}
func @f10 "forever"(%0: bool) -> i32 [abi=coglet, linkage=internal] {
  slots:
    $s0 : bool "done"
  bb0 "entry"():
    %1 = local_addr $s0
    store %1, %0
    br bb1()
  bb1 "while.cond"():
    %2 = const bool @c12(true)
    br bb2()
  bb2 "while.body"():
    %3 = local_addr $s0
    %4 = load %3
    cond_br %4, bb4(), bb5()
  bb3 "while.end"():
    unreachable
  bb4 "if.then"():
    %5 = const i32 @c16(0x7)
    ret %5
  bb5 "if.end"():
    br bb1()
}
init @f11 "__coglet_module_init"() -> void [abi=coglet, linkage=internal] {
  bb0 "entry"():
    %0 = global_addr @g0
    %1 = const i32 @c4(0x0)
    store %0, %1
    %2 = global_addr @g1
    %3 = const bool @c12(true)
    store %2, %3
    %4 = global_addr @g1
    %5 = load %4
    cond_br %5, bb1(), bb2()
  bb1 "if.then"():
    %6 = global_addr @g0
    %7 = function_ref @f0
    %8 = const i32 @c6(0x1)
    %9 = const bool @c12(true)
    %10 = call %7(%8, %9)
    store %6, %10
    br bb2()
  bb2 "if.end"():
    ret
}
