tests/test_assets/semantic/invalid/builtins/wrapping_call_types.cog:6:5: error: wrong number of arguments to builtin 'wrapping_add': expected 2, got 1
    wrapping_add(signed_small);
    ^~~~~~~~~~~~
tests/test_assets/semantic/invalid/builtins/wrapping_call_types.cog:7:5: error: builtin 'wrapping_add' requires arguments of the same integer type
    wrapping_add(signed_small, signed_wide);
    ^~~~~~~~~~~~
tests/test_assets/semantic/invalid/builtins/wrapping_call_types.cog:8:5: error: builtin 'wrapping_add' requires concrete integer arguments
    wrapping_add(floating, floating);
    ^~~~~~~~~~~~
tests/test_assets/semantic/invalid/builtins/wrapping_call_types.cog:9:5: error: wrong number of arguments to builtin 'wrapping_neg': expected 1, got 0
    wrapping_neg();
    ^~~~~~~~~~~~
tests/test_assets/semantic/invalid/builtins/wrapping_call_types.cog:10:5: error: wrong number of arguments to builtin 'wrapping_neg': expected 1, got 2
    wrapping_neg(signed_small, signed_small);
    ^~~~~~~~~~~~
tests/test_assets/semantic/invalid/builtins/wrapping_call_types.cog:11:5: error: builtin 'wrapping_add' requires concrete integer arguments
    wrapping_add(1, 2);
    ^~~~~~~~~~~~
6 semantic errors generated.
