error: expected expression
broken_001 := ;
              ^
error: expected expression
broken_002 := ;
              ^
error: expected expression
broken_003 := ;
              ^
error: expected expression
broken_004 := ;
              ^
error: expected expression
broken_005 := ;
              ^
error: expected expression
broken_006 := ;
              ^
error: expected expression
broken_007 := ;
              ^
error: expected expression
broken_008 := ;
              ^
error: expected expression
broken_009 := ;
              ^
error: expected expression
broken_010 := ;
              ^
error: expected expression
broken_011 := ;
              ^
error: expected expression
broken_012 := ;
              ^
error: expected expression
broken_013 := ;
              ^
error: expected expression
broken_014 := ;
              ^
error: expected expression
broken_015 := ;
              ^
error: expected expression
broken_016 := ;
              ^
error: expected expression
broken_017 := ;
              ^
error: expected expression
broken_018 := ;
              ^
error: expected expression
broken_019 := ;
              ^
error: expected expression
broken_020 := ;
              ^
error: expected expression
broken_021 := ;
              ^
error: expected expression
broken_022 := ;
              ^
error: expected expression
broken_023 := ;
              ^
error: expected expression
broken_024 := ;
              ^
error: expected expression
broken_025 := ;
              ^
error: expected expression
broken_026 := ;
              ^
error: expected expression
broken_027 := ;
              ^
error: expected expression
broken_028 := ;
              ^
error: expected expression
broken_029 := ;
              ^
error: expected expression
broken_030 := ;
              ^
error: expected expression
broken_031 := ;
              ^
error: expected expression
broken_032 := ;
              ^
error: expected expression
broken_033 := ;
              ^
error: expected expression
broken_034 := ;
              ^
error: expected expression
broken_035 := ;
              ^
error: expected expression
broken_036 := ;
              ^
error: expected expression
broken_037 := ;
              ^
error: expected expression
broken_038 := ;
              ^
error: expected expression
broken_039 := ;
              ^
error: expected expression
broken_040 := ;
              ^
error: expected expression
broken_041 := ;
              ^
error: expected expression
broken_042 := ;
              ^
error: expected expression
broken_043 := ;
              ^
error: expected expression
broken_044 := ;
              ^
error: expected expression
broken_045 := ;
              ^
error: expected expression
broken_046 := ;
              ^
error: expected expression
broken_047 := ;
              ^
error: expected expression
broken_048 := ;
              ^
error: expected expression
broken_049 := ;
              ^
error: expected expression
broken_050 := ;
              ^
error: expected expression
broken_051 := ;
              ^
error: expected expression
broken_052 := ;
              ^
error: expected expression
broken_053 := ;
              ^
error: expected expression
broken_054 := ;
              ^
error: expected expression
broken_055 := ;
              ^
error: expected expression
broken_056 := ;
              ^
error: expected expression
broken_057 := ;
              ^
error: expected expression
broken_058 := ;
              ^
error: expected expression
broken_059 := ;
              ^
error: expected expression
broken_060 := ;
              ^
error: expected expression
broken_061 := ;
              ^
error: expected expression
broken_062 := ;
              ^
error: expected expression
broken_063 := ;
              ^
error: expected expression
broken_064 := ;
              ^
error: expected expression
broken_065 := ;
              ^
error: expected expression
broken_066 := ;
              ^
error: expected expression
broken_067 := ;
              ^
error: expected expression
broken_068 := ;
              ^
error: expected expression
broken_069 := ;
              ^
error: expected expression
broken_070 := ;
              ^
error: expected expression
broken_071 := ;
              ^
error: expected expression
broken_072 := ;
              ^
error: expected expression
broken_073 := ;
              ^
error: expected expression
broken_074 := ;
              ^
error: expected expression
broken_075 := ;
              ^
error: expected expression
broken_076 := ;
              ^
error: expected expression
broken_077 := ;
              ^
error: expected expression
broken_078 := ;
              ^
error: expected expression
broken_079 := ;
              ^
error: expected expression
broken_080 := ;
              ^
error: expected expression
broken_081 := ;
              ^
error: expected expression
broken_082 := ;
              ^
error: expected expression
broken_083 := ;
              ^
error: expected expression
broken_084 := ;
              ^
error: expected expression
broken_085 := ;
              ^
error: expected expression
broken_086 := ;
              ^
error: expected expression
broken_087 := ;
              ^
error: expected expression
broken_088 := ;
              ^
error: expected expression
broken_089 := ;
              ^
error: expected expression
broken_090 := ;
              ^
error: expected expression
broken_091 := ;
              ^
error: expected expression
broken_092 := ;
              ^
error: expected expression
broken_093 := ;
              ^
error: expected expression
broken_094 := ;
              ^
error: expected expression
broken_095 := ;
              ^
error: expected expression
broken_096 := ;
              ^
error: expected expression
broken_097 := ;
              ^
error: expected expression
broken_098 := ;
              ^
error: expected expression
broken_099 := ;
              ^
error: expected expression
broken_100 := ;
              ^
error: expected expression
broken_101 := ;
              ^
error: expected expression
broken_102 := ;
              ^
error: expected expression
broken_103 := ;
              ^
error: expected expression
broken_104 := ;
              ^
error: expected expression
broken_105 := ;
              ^
error: expected expression
broken_106 := ;
              ^
error: expected expression
broken_107 := ;
              ^
error: expected expression
broken_108 := ;
              ^
error: expected expression
broken_109 := ;
              ^
error: expected expression
broken_110 := ;
              ^
error: expected expression
broken_111 := ;
              ^
error: expected expression
broken_112 := ;
              ^
error: expected expression
broken_113 := ;
              ^
error: expected expression
broken_114 := ;
              ^
error: expected expression
broken_115 := ;
              ^
error: expected expression
broken_116 := ;
              ^
error: expected expression
broken_117 := ;
              ^
error: expected expression
broken_118 := ;
              ^
error: expected expression
broken_119 := ;
              ^
error: expected expression
broken_120 := ;
              ^
error: expected expression
broken_121 := ;
              ^
error: expected expression
broken_122 := ;
              ^
error: expected expression
broken_123 := ;
              ^
error: expected expression
broken_124 := ;
              ^
error: expected expression
broken_125 := ;
              ^
error: expected expression
broken_126 := ;
              ^
error: expected expression
broken_127 := ;
              ^
error: expected expression
broken_128 := ;
              ^
error: expected expression
broken_129 := ;
              ^
error: expected expression
broken_130 := ;
              ^
error: expected expression
broken_131 := ;
              ^
error: expected expression
broken_132 := ;
              ^
error: expected expression
broken_133 := ;
              ^
error: expected expression
broken_134 := ;
              ^
error: expected expression
broken_135 := ;
              ^
error: expected expression
broken_136 := ;
              ^
error: expected expression
broken_137 := ;
              ^
error: expected expression
broken_138 := ;
              ^
error: expected expression
broken_139 := ;
              ^
error: expected expression
broken_140 := ;
              ^
error: expected expression
broken_141 := ;
              ^
error: expected expression
broken_142 := ;
              ^
error: expected expression
broken_143 := ;
              ^
error: expected expression
broken_144 := ;
              ^
error: expected expression
broken_145 := ;
              ^
error: expected expression
broken_146 := ;
              ^
error: expected expression
broken_147 := ;
              ^
error: expected expression
broken_148 := ;
              ^
error: expected expression
broken_149 := ;
              ^
error: expected expression
broken_150 := ;
              ^
