tests/test_assets/semantic/invalid/arrays/literal_without_context.cog:2:10: error: array literal requires an expected array type
    x := [1, 2, 3];
         ^
tests/test_assets/semantic/invalid/arrays/literal_without_context.cog:3:5: error: array literal requires an expected array type
    [1, 2, 3];
    ^
2 semantic errors generated.
