tests/test_assets/semantic/invalid/expressions/bitwise_type_mismatch.cog:8:5: error: bitwise operands have incompatible integer types -- use an explicit cast
    signed32 & signed64;
    ^~~~~~~~~~~~~~~~~~~
tests/test_assets/semantic/invalid/expressions/bitwise_type_mismatch.cog:9:5: error: bitwise operands have incompatible integer types -- use an explicit cast
    signed32 | unsigned32;
    ^~~~~~~~~~~~~~~~~~~~~
tests/test_assets/semantic/invalid/expressions/bitwise_type_mismatch.cog:10:5: error: bitwise operands have incompatible integer types -- use an explicit cast
    signed8 ^ unsigned8;
    ^~~~~~~~~~~~~~~~~~~
3 semantic errors generated.
