tests/test_assets/semantic/invalid/expressions/bitwise_constant_oracles.cog:29:9: error: duplicate switch case
        case true: {}
        ^~~~
tests/test_assets/semantic/invalid/expressions/bitwise_constant_oracles.cog:37:9: error: duplicate switch case
        case true: {}
        ^~~~
tests/test_assets/semantic/invalid/expressions/bitwise_constant_oracles.cog:45:9: error: duplicate switch case
        case true: {}
        ^~~~
tests/test_assets/semantic/invalid/expressions/bitwise_constant_oracles.cog:53:9: error: duplicate switch case
        case true: {}
        ^~~~
tests/test_assets/semantic/invalid/expressions/bitwise_constant_oracles.cog:61:9: error: duplicate switch case
        case true: {}
        ^~~~
tests/test_assets/semantic/invalid/expressions/bitwise_constant_oracles.cog:71:9: error: duplicate switch case
        case true: {}
        ^~~~
tests/test_assets/semantic/invalid/expressions/bitwise_constant_oracles.cog:81:9: error: duplicate switch case
        case true: {}
        ^~~~
7 semantic errors generated.
