tests/test_assets/semantic/invalid/expressions/comparison_numeric_mismatch.cog:5:5: error: comparison operands have incompatible numeric types
    a == b;
    ^~~~~~
tests/test_assets/semantic/invalid/expressions/comparison_numeric_mismatch.cog:6:5: error: comparison operands have incompatible numeric types
    a < b;
    ^~~~~
2 semantic errors generated.
