tests/test_assets/semantic/invalid/expressions/floating_ieee754_oracles.cog:26:9: error: duplicate switch case
        case true: {}
        ^~~~
tests/test_assets/semantic/invalid/expressions/floating_ieee754_oracles.cog:34:9: error: duplicate switch case
        case true: {}
        ^~~~
tests/test_assets/semantic/invalid/expressions/floating_ieee754_oracles.cog:42:9: error: duplicate switch case
        case true: {}
        ^~~~
tests/test_assets/semantic/invalid/expressions/floating_ieee754_oracles.cog:50:9: error: duplicate switch case
        case false: {}
        ^~~~
tests/test_assets/semantic/invalid/expressions/floating_ieee754_oracles.cog:58:9: error: duplicate switch case
        case true: {}
        ^~~~
tests/test_assets/semantic/invalid/expressions/floating_ieee754_oracles.cog:66:9: error: duplicate switch case
        case false: {}
        ^~~~
6 semantic errors generated.
