tests/test_assets/semantic/invalid/expressions/known_zero_divisor_compound_assignment.cog:6:16: error: division by zero
    integer /= 0;
               ^
tests/test_assets/semantic/invalid/expressions/known_zero_divisor_compound_assignment.cog:7:16: error: remainder by zero
    integer %= 0;
               ^
tests/test_assets/semantic/invalid/expressions/known_zero_divisor_compound_assignment.cog:9:16: error: division by zero
    integer /= ZERO;
               ^~~~
tests/test_assets/semantic/invalid/expressions/known_zero_divisor_compound_assignment.cog:10:16: error: remainder by zero
    integer %= ZERO;
               ^~~~
tests/test_assets/semantic/invalid/expressions/known_zero_divisor_compound_assignment.cog:12:16: error: division by zero
    integer /= cast(i32, 0);
               ^~~~~~~~~~~
tests/test_assets/semantic/invalid/expressions/known_zero_divisor_compound_assignment.cog:13:16: error: remainder by zero
    integer %= cast(i32, 0);
               ^~~~~~~~~~~
tests/test_assets/semantic/invalid/expressions/known_zero_divisor_compound_assignment.cog:15:17: error: division by zero
    integer /= (1 - 1);
                ^~~~~
tests/test_assets/semantic/invalid/expressions/known_zero_divisor_compound_assignment.cog:16:17: error: remainder by zero
    integer %= (1 - 1);
                ^~~~~
8 semantic errors generated.
