tests/test_assets/semantic/invalid/definite_assignment/if_missing_paths.cog:8:12: error: variable 'value' may be uninitialized
    return value;
           ^~~~~
tests/test_assets/semantic/invalid/definite_assignment/if_missing_paths.cog:20:12: error: variable 'value' may be uninitialized
    return value;
           ^~~~~
tests/test_assets/semantic/invalid/definite_assignment/if_missing_paths.cog:34:12: error: variable 'value' may be uninitialized
    return value;
           ^~~~~
3 semantic errors generated.
