tests/test_assets/semantic/invalid/definite_assignment/nested_function_capture.cog:5:16: error: nested function cannot capture variable 'outer_value' from an enclosing function
        return outer_value;
               ^~~~~~~~~~~
tests/test_assets/semantic/invalid/definite_assignment/nested_function_capture.cog:15:16: error: nested function cannot capture variable 'outer_value' from an enclosing function
        return outer_value;
               ^~~~~~~~~~~
tests/test_assets/semantic/invalid/definite_assignment/nested_function_capture.cog:23:16: error: nested function cannot capture variable 'outer_value' from an enclosing function
        return outer_value;
               ^~~~~~~~~~~
tests/test_assets/semantic/invalid/definite_assignment/nested_function_capture.cog:33:9: error: nested function cannot capture variable 'outer_value' from an enclosing function
        outer_value = 10;
        ^~~~~~~~~~~
4 semantic errors generated.
