tests/test_assets/semantic/invalid/definite_assignment/partial_and_address_uses.cog:7:5: error: variable 'point' may be uninitialized
    point.x = 1;
    ^~~~~
tests/test_assets/semantic/invalid/definite_assignment/partial_and_address_uses.cog:12:5: error: variable 'values' may be uninitialized
    values[0] = 1;
    ^~~~~~
tests/test_assets/semantic/invalid/definite_assignment/partial_and_address_uses.cog:17:22: error: variable 'value' may be uninitialized
    pointer: i32* = &value;
                     ^~~~~
3 semantic errors generated.
