tests/test_assets/semantic/invalid/definite_assignment/read_modify_before_initialization.cog:3:5: error: variable 'value' may be uninitialized
    value += 1;
    ^~~~~
tests/test_assets/semantic/invalid/definite_assignment/read_modify_before_initialization.cog:8:5: error: variable 'value' may be uninitialized
    value++;
    ^~~~~
tests/test_assets/semantic/invalid/definite_assignment/read_modify_before_initialization.cog:13:5: error: variable 'value' may be uninitialized
    value--;
    ^~~~~
3 semantic errors generated.
