tests/test_assets/semantic/invalid/definite_assignment/read_before_initialization.cog:6:12: error: variable 'value' may be uninitialized
    return value;
           ^~~~~
tests/test_assets/semantic/invalid/definite_assignment/read_before_initialization.cog:11:13: error: variable 'value' may be uninitialized
    consume(value);
            ^~~~~
tests/test_assets/semantic/invalid/definite_assignment/read_before_initialization.cog:16:5: error: variable 'value' may be uninitialized
    value;
    ^~~~~
3 semantic errors generated.
