tests/test_assets/semantic/invalid/interop/repr_c_union_access.cog:8:18: error: direct C union member access is not supported yet
    return value.integer;
                 ^~~~~~~
tests/test_assets/semantic/invalid/interop/repr_c_union_access.cog:12:12: error: direct C union construction is not supported yet
    return CValue{ integer = 1 };
           ^~~~~~
2 semantic errors generated.
