semantic error at line 11: #repr(c) struct field type 'i32[]' is not supported by the current C ABI subset
semantic error at line 12: #repr(c) struct field type 'i32[0]' is not supported by the current C ABI subset
semantic error at line 13: #repr(c) struct field type 'Plain' is not supported by the current C ABI subset
semantic error at line 14: #repr(c) struct field type 'Plain[2]' is not supported by the current C ABI subset
semantic error at line 15: #repr(c) struct field type 'Kind' is not supported by the current C ABI subset
semantic error at line 16: #repr(c) struct field type 'Kind[2]' is not supported by the current C ABI subset
semantic error at line 17: #repr(c) struct field type 'Plain*' is not supported by the current C ABI subset
semantic error at line 20: #repr(c) structs must contain at least one field
8 semantic errors generated.
