tests/test_assets/semantic/invalid/interop/repr_c_union_unsupported_fields.cog:7:5: error: #repr(c) union field type 'Plain' is not supported by the current C ABI subset
    plain: Plain;
    ^~~~~
tests/test_assets/semantic/invalid/interop/repr_c_union_unsupported_fields.cog:8:5: error: #repr(c) union field type 's32[]' is not supported by the current C ABI subset
    unsized: c_int[];
    ^~~~~~~
2 semantic errors generated.
