2 INT_KW int
2 IDENT add
2 LPAREN (
2 INT_KW int
2 IDENT a
2 COMMA ,
2 INT_KW int
2 IDENT b
2 RPAREN )
2 LBRACE {
3 RETURN return
3 IDENT a
3 PLUS +
3 IDENT b
3 SEMICOLON ;
4 RBRACE }
6 IDENT float
6 IDENT pi
6 EQUAL =
6 NUMBER_FLOAT 3.14159
6 SEMICOLON ;
7 IDENT char
7 IDENT c
7 EQUAL =
7 CHAR 'x'
7 SEMICOLON ;
8 IDENT char
8 STAR *
8 IDENT msg
8 EQUAL =
8 STRING "hello, \"world\"\n"
8 SEMICOLON ;
10 IF if
10 LPAREN (
10 IDENT a
10 GREATER_EQUAL >=
10 NUMBER_INT 10
10 AND_AND &&
10 IDENT b
10 BANG_EQUAL !=
10 NUMBER_INT 0
10 RPAREN )
10 LBRACE {
11 IDENT x
11 PLUS_PLUS ++
11 SEMICOLON ;
12 IDENT y
12 MINUS_EQUAL -=
12 NUMBER_INT 1
12 SEMICOLON ;
13 RBRACE }
13 ELSE else
13 LBRACE {
14 IDENT z
14 STAR_EQUAL *=
14 NUMBER_INT 2
14 SEMICOLON ;
15 RBRACE }
16 EOF
