program
  const_decl NONE: s32*
    value:
      null
  func none -> s32*
    body:
      block
        return
          null
  func test -> bool
    params:
      param_decl pointer: s32*
    body:
      block
        (=)
          pointer
          null
        return
          (==)
            pointer
            null
