program
  struct Point
    struct_field_decl x: s32
    struct_field_decl y: s32
  func inspect -> readonly s32*
    params:
      param_decl value: readonly s32*
      param_decl point: readonly Point*
      param_decl nested: readonly u8**
    body:
      block
        var_decl local: readonly s32*
          init:
            value
        return
          local
