program
  #repr(c) struct CPoint
    struct_field_decl x: c_int
    struct_field_decl y: c_double
    struct_field_decl next: readonly CPoint*
  extern(c) func consume_point -> c_int
    params:
      param_decl point: CPoint
  #repr(c) enum_decl CMode
    Backing type
      c_int
    Members
      EnumMember Idle
        Explicit value
          (-)
            1
      EnumMember Running
        Explicit value
          3
  #repr(c) struct CHandle incomplete
