1 IDENT a
1 COLON_EQUAL :=
1 NUMBER_FLOAT 1e3
1 SEMICOLON ;
2 IDENT b
2 COLON_EQUAL :=
2 NUMBER_FLOAT 1E3
2 SEMICOLON ;
3 IDENT c
3 COLON_EQUAL :=
3 NUMBER_FLOAT 1e+3
3 SEMICOLON ;
4 IDENT d
4 COLON_EQUAL :=
4 NUMBER_FLOAT 1e-3
4 SEMICOLON ;
5 IDENT e
5 COLON_EQUAL :=
5 NUMBER_FLOAT 1.25e4
5 SEMICOLON ;
6 IDENT f
6 COLON_EQUAL :=
6 NUMBER_FLOAT 6.022E23
6 SEMICOLON ;
7 EOF
