tests/test_assets/semantic/invalid/enums/range.cog:3:5: error: enum member value does not fit in backing type
    B,
    ^
tests/test_assets/semantic/invalid/enums/range.cog:7:5: error: enum member value does not fit in backing type
    A = -1,
    ^
tests/test_assets/semantic/invalid/enums/range.cog:11:5: error: enum member value does not fit in backing type
    A = 128,
    ^
tests/test_assets/semantic/invalid/enums/range.cog:15:5: error: enum member value does not fit in backing type
    A = -129,
    ^
4 semantic errors generated.
